../Core/Src/main.c:101:5:main	8	static
../Core/Src/main.c:160:6:SystemClock_Config	88	static
../Core/Src/main.c:207:13:MX_TIM2_Init	48	static
../Core/Src/main.c:260:13:MX_TIM3_Init	48	static
../Core/Src/main.c:308:13:MX_USART2_UART_Init	8	static
../Core/Src/main.c:341:13:MX_GPIO_Init	48	static
../Core/Src/main.c:386:6:HAL_TIM_PeriodElapsedCallback	16	static
../Core/Src/main.c:396:6:set_servo_degree	24	static
../Core/Src/main.c:405:6:set_servo2_degree	24	static
../Core/Src/main.c:416:6:HAL_UART_RxCpltCallback	16	static
../Core/Src/main.c:430:6:parsing_command	48	static
../Core/Src/main.c:479:6:control_pantilt	16	static
../Core/Src/main.c:524:1:__io_putchar	16	static
../Core/Src/main.c:538:6:Error_Handler	4	static,ignoring_inline_asm
