../Core/Src/main.c:117:5:main	8	static
../Core/Src/main.c:172:6:SystemClock_Config	88	static
../Core/Src/main.c:219:13:MX_TIM2_Init	48	static
../Core/Src/main.c:268:13:MX_TIM3_Init	48	static
../Core/Src/main.c:316:13:MX_USART2_UART_Init	8	static
../Core/Src/main.c:349:13:MX_GPIO_Init	48	static
../Core/Src/main.c:394:6:HAL_TIM_PeriodElapsedCallback	16	static
../Core/Src/main.c:404:6:set_servo_degree	24	static
../Core/Src/main.c:413:6:set_step_degree	24	static
../Core/Src/main.c:424:6:process_step_motor	8	static
../Core/Src/main.c:444:6:HAL_UART_RxCpltCallback	16	static
../Core/Src/main.c:458:6:parsing_command	48	static
../Core/Src/main.c:501:6:control_pantilt	16	static
../Core/Src/main.c:563:1:__io_putchar	16	static
../Core/Src/main.c:577:6:Error_Handler	4	static,ignoring_inline_asm
